IQ-TREE multicore version 2.2.2.7 COVID-edition for Mac OS X 64-bit built May 30 2023
Developed by Bui Quang Minh, James Barbetti, Nguyen Lam Tung,
Olga Chernomor, Heiko Schmidt, Dominik Schrempf, Michael Woodhams, Ly Trong Nhan.

Host:    rsb0001363.local (AVX2, FMA3, 8 GB RAM)
Command: iqtree -s seqs.fasta -spp BOTHp.raxml -m MFP+MERGE -madd 3DI -mdef 3DI.nexus -mset 3DI,Blosum62,Dayhoff,DCMut,JTT,JTTDCMut,LG,Poisson,Poisson+FQ,Poisson,PMB,WAG,EX2,EX3,EHO,EX_EHO -mfreq FU,F -mrate E,G,R --ufboot 1000 -bnni --redo
Seed:    336203 (Using SPRNG - Scalable Parallel Random Number Generator)
Time:    Wed Apr 15 14:47:11 2026
Kernel:  AVX+FMA - 1 threads (4 CPU cores detected)

HINT: Use -nt option to specify number of threads because your CPU has 4 cores!
HINT: -nt AUTO will automatically determine the best number of threads to use.

Reading partition model file BOTHp.raxml ...
Reading alignment file seqs.fasta ... Fasta format detected
Reading fasta file: done in 0.00541997 secs using 29.54% CPU
Alignment most likely contains protein sequences
Constructing alignment: done in 0.00293112 secs using 69.53% CPU
Alignment has 33 sequences with 1024 columns, 974 distinct patterns
857 parsimony-informative, 88 singleton sites, 79 constant sites
                              Gap/Ambiguity  Composition  p-value
Analyzing sequences: done in 0.00019598 secs using 89.29% CPU
   1  AAC75006.1_alphafold.cif       35.55%    passed     57.14%
   2  AAP98818.1_alphafold.cif       44.14%    failed      0.00%
   3  AAQ00836.1_alphafold.cif        9.38%    passed     24.41%
   4  ABC76852.1_alphafold.cif       35.35%    failed      0.03%
   5  ABF88562.1_alphafold.cif       15.04%    failed      4.99%
   6  ABY36902.1_alphafold.cif       12.11%    failed      0.47%
   7  ACD91087.1_alphafold.cif       11.33%    passed     73.02%
   8  ACI20682.1_alphafold.cif       36.72%    failed      0.91%
   9  ADB18917.1_alphafold.cif       35.74%    passed     18.03%
  10  ADE84642.1_alphafold.cif       10.35%    failed      0.18%
  11  AGW37977.1_alphafold.cif        8.59%    failed      0.12%
  12  AHZ85048.1_alphafold.cif       14.06%    passed     45.63%
  13  AIQ93516.1_alphafold.cif       33.01%    passed      6.15%
  14  AJJ31778.1_alphafold.cif       35.74%    passed     61.09%
  15  AJJ33030.1_alphafold.cif       10.35%    passed      8.04%
  16  ATU66743.1_alphafold.cif       35.55%    failed      2.65%
  17  AUX26777.1_alphafold.cif       10.74%    failed      3.86%
  18  BAD39524.1_alphafold.cif       11.91%    failed      3.03%
  19  BAH37372.1_alphafold.cif       32.62%    passed     35.98%
  20  BAM05993.1_alphafold.cif       34.77%    passed     12.83%
  21  CCB86228.1_alphafold.cif       11.33%    failed      1.21%
  22  CCG56443.1_alphafold.cif       33.01%    failed      0.49%
  23  CCW35060.1_alphafold.cif       34.18%    passed     13.88%
  24  EKT86237.1_alphafold.cif        9.96%    failed      0.22%
  25  QEO40368.1_alphafold.cif       11.52%    passed      8.31%
  26  QJR34130.1_alphafold.cif       10.94%    failed      1.70%
  27  QUV78475.1_alphafold.cif       11.72%    passed     17.51%
  28  UOY14042.1_alphafold.cif       12.70%    failed      3.18%
  29  UOY14169.1_alphafold.cif       34.77%    failed      0.10%
  30  UOY14499.1_alphafold.cif       32.62%    failed      0.03%
  31  UPH48283.1_alphafold.cif       32.62%    failed      0.04%
  32  WP_002722827.1_alphafold.cif   10.35%    failed      3.35%
  33  WP_011385860.1_alphafold.cif   54.30%    failed      0.00%
WARNING: 1 sequences contain more than 50% gaps/ambiguity
****  TOTAL                          23.43%  20 sequences failed composition chi2 test (p-value<5%; df=19)

Partition file is not in NEXUS format, assuming RAxML-style partition file...
Subset	Type	Seqs	Sites	Infor	Invar	Model	Name
1	AA	33	512	491	6	AA+MERGE	part1
2	AA	33	512	366	73	AA+MERGE	part2
Degree of missing data: 0.000
Info: multi-threading strategy over partitions


Reading model definition file 3DI.nexus ... 85 models and 214 frequency vectors loaded

Create initial parsimony tree by phylogenetic likelihood library (PLL)... 0.007 seconds
Perform fast likelihood tree search using LG+I+G model...
Estimate model parameters (epsilon = 5.000)
Initial log-likelihood: -42833.448
Current log-likelihood at step 1: -41791.699
Current log-likelihood at step 2: -41548.504
Current log-likelihood at step 3: -41541.670
Current log-likelihood at step 4: -41541.288
Parameters optimization took 3 rounds (2.054 sec)

Perform nearest neighbor interchange...
Optimizing NNI: done in 0.712137 secs using 97.88% CPU
Estimate model parameters (epsilon = 1.000)
Initial log-likelihood: -41501.311
Current log-likelihood at step 1: -41500.701
Partition-specific rates:  1.541 0.459
Parameters optimization took 0 rounds (0.270 sec)

Time for fast ML tree search: 3.064 seconds

NOTE: ModelFinder requires 29 MB RAM!
Selecting individual models for 2 charsets using BIC...
 No. Model        Score       TreeLen     Charset
WARNING: Normalizing state frequencies so that sum of them equals to 1
   1 LG+F+I+G4    51508.504   44.625      part1
WARNING: Normalizing state frequencies so that sum of them equals to 1
   2 3DI          24737.708   7.636       part2
Full partition model BIC score: 76691.906 (LnL: -38051.365  df:85)
Merging models to increase model fit (about 3 total partition schemes)...
WARNING: Normalizing state frequencies so that sum of them equals to 1
   3 LG+F+I+G4    82912.293   29.602      part1+part2
Agglomerative model selection: (part1,part2)
WARNING: Normalizing state frequencies so that sum of them equals to 1
WARNING: Normalizing state frequencies so that sum of them equals to 1
WARNING: Normalizing state frequencies so that sum of them equals to 1
WARNING: Normalizing state frequencies so that sum of them equals to 1
WARNING: Normalizing state frequencies so that sum of them equals to 1
WARNING: Normalizing state frequencies so that sum of them equals to 1
WARNING: Normalizing state frequencies so that sum of them equals to 1
WARNING: Normalizing state frequencies so that sum of them equals to 1
WARNING: Normalizing state frequencies so that sum of them equals to 1
WARNING: Normalizing state frequencies so that sum of them equals to 1
WARNING: Normalizing state frequencies so that sum of them equals to 1
WARNING: Normalizing state frequencies so that sum of them equals to 1
WARNING: Normalizing state frequencies so that sum of them equals to 1
WARNING: Normalizing state frequencies so that sum of them equals to 1
Model EX2+FU is alias for MIX{BurEX2:0.672020808818762,ExpEX2:1.6413466609931}+FU
WARNING: Normalizing state frequencies so that sum of them equals to 1
Model EX2+FU+G is alias for MIX{BurEX2:0.672020808818762,ExpEX2:1.6413466609931}+FU+G
WARNING: Normalizing state frequencies so that sum of them equals to 1
Model EX2+FU+R2 is alias for MIX{BurEX2:0.672020808818762,ExpEX2:1.6413466609931}+FU+R2
WARNING: Normalizing state frequencies so that sum of them equals to 1
Model EX2+FU+R3 is alias for MIX{BurEX2:0.672020808818762,ExpEX2:1.6413466609931}+FU+R3
WARNING: Normalizing state frequencies so that sum of them equals to 1
Model EX2+FU+R4 is alias for MIX{BurEX2:0.672020808818762,ExpEX2:1.6413466609931}+FU+R4
WARNING: Normalizing state frequencies so that sum of them equals to 1
Model EX2+FU+R5 is alias for MIX{BurEX2:0.672020808818762,ExpEX2:1.6413466609931}+FU+R5
WARNING: Normalizing state frequencies so that sum of them equals to 1
Model EX2+FU+R6 is alias for MIX{BurEX2:0.672020808818762,ExpEX2:1.6413466609931}+FU+R6
WARNING: Normalizing state frequencies so that sum of them equals to 1
Model EX2+F is alias for MIX{BurEX2:0.672020808818762,ExpEX2:1.6413466609931}+F
WARNING: Normalizing state frequencies so that sum of them equals to 1
Model EX2+F+G is alias for MIX{BurEX2:0.672020808818762,ExpEX2:1.6413466609931}+F+G
WARNING: Normalizing state frequencies so that sum of them equals to 1
Model EX2+F+R2 is alias for MIX{BurEX2:0.672020808818762,ExpEX2:1.6413466609931}+F+R2
WARNING: Normalizing state frequencies so that sum of them equals to 1
Model EX2+F+R3 is alias for MIX{BurEX2:0.672020808818762,ExpEX2:1.6413466609931}+F+R3
WARNING: Normalizing state frequencies so that sum of them equals to 1
Model EX2+F+R4 is alias for MIX{BurEX2:0.672020808818762,ExpEX2:1.6413466609931}+F+R4
WARNING: Normalizing state frequencies so that sum of them equals to 1
Model EX2+F+R5 is alias for MIX{BurEX2:0.672020808818762,ExpEX2:1.6413466609931}+F+R5
WARNING: Normalizing state frequencies so that sum of them equals to 1
Model EX3+FU is alias for MIX{BurEX3:0.427672756793791,IntEX3:0.837595938019774,HExEX3:1.51863631431518}+FU
WARNING: Normalizing state frequencies so that sum of them equals to 1
WARNING: Normalizing state frequencies so that sum of them equals to 1
Model EX3+FU+G is alias for MIX{BurEX3:0.427672756793791,IntEX3:0.837595938019774,HExEX3:1.51863631431518}+FU+G
WARNING: Normalizing state frequencies so that sum of them equals to 1
WARNING: Normalizing state frequencies so that sum of them equals to 1
Model EX3+FU+R2 is alias for MIX{BurEX3:0.427672756793791,IntEX3:0.837595938019774,HExEX3:1.51863631431518}+FU+R2
WARNING: Normalizing state frequencies so that sum of them equals to 1
WARNING: Normalizing state frequencies so that sum of them equals to 1
Model EX3+FU+R3 is alias for MIX{BurEX3:0.427672756793791,IntEX3:0.837595938019774,HExEX3:1.51863631431518}+FU+R3
WARNING: Normalizing state frequencies so that sum of them equals to 1
WARNING: Normalizing state frequencies so that sum of them equals to 1
Model EX3+FU+R4 is alias for MIX{BurEX3:0.427672756793791,IntEX3:0.837595938019774,HExEX3:1.51863631431518}+FU+R4
WARNING: Normalizing state frequencies so that sum of them equals to 1
WARNING: Normalizing state frequencies so that sum of them equals to 1
Model EX3+FU+R5 is alias for MIX{BurEX3:0.427672756793791,IntEX3:0.837595938019774,HExEX3:1.51863631431518}+FU+R5
WARNING: Normalizing state frequencies so that sum of them equals to 1
WARNING: Normalizing state frequencies so that sum of them equals to 1
Model EX3+F is alias for MIX{BurEX3:0.427672756793791,IntEX3:0.837595938019774,HExEX3:1.51863631431518}+F
WARNING: Normalizing state frequencies so that sum of them equals to 1
WARNING: Normalizing state frequencies so that sum of them equals to 1
Model EX3+F+G is alias for MIX{BurEX3:0.427672756793791,IntEX3:0.837595938019774,HExEX3:1.51863631431518}+F+G
WARNING: Normalizing state frequencies so that sum of them equals to 1
WARNING: Normalizing state frequencies so that sum of them equals to 1
Model EX3+F+R2 is alias for MIX{BurEX3:0.427672756793791,IntEX3:0.837595938019774,HExEX3:1.51863631431518}+F+R2
WARNING: Normalizing state frequencies so that sum of them equals to 1
WARNING: Normalizing state frequencies so that sum of them equals to 1
Model EX3+F+R3 is alias for MIX{BurEX3:0.427672756793791,IntEX3:0.837595938019774,HExEX3:1.51863631431518}+F+R3
WARNING: Normalizing state frequencies so that sum of them equals to 1
WARNING: Normalizing state frequencies so that sum of them equals to 1
Model EX3+F+R4 is alias for MIX{BurEX3:0.427672756793791,IntEX3:0.837595938019774,HExEX3:1.51863631431518}+F+R4
WARNING: Normalizing state frequencies so that sum of them equals to 1
WARNING: Normalizing state frequencies so that sum of them equals to 1
Model EX3+F+R5 is alias for MIX{BurEX3:0.427672756793791,IntEX3:0.837595938019774,HExEX3:1.51863631431518}+F+R5
WARNING: Normalizing state frequencies so that sum of them equals to 1
WARNING: Normalizing state frequencies so that sum of them equals to 1
Model EHO+FU is alias for MIX{ExtEHO:0.720274356,HelEHO:0.976798797,OthEHO:0.783109376}+FU
WARNING: Normalizing state frequencies so that sum of them equals to 1
WARNING: Normalizing state frequencies so that sum of them equals to 1
WARNING: Normalizing state frequencies so that sum of them equals to 1
Model EHO+FU+G is alias for MIX{ExtEHO:0.720274356,HelEHO:0.976798797,OthEHO:0.783109376}+FU+G
WARNING: Normalizing state frequencies so that sum of them equals to 1
WARNING: Normalizing state frequencies so that sum of them equals to 1
WARNING: Normalizing state frequencies so that sum of them equals to 1
Model EHO+FU+R2 is alias for MIX{ExtEHO:0.720274356,HelEHO:0.976798797,OthEHO:0.783109376}+FU+R2
WARNING: Normalizing state frequencies so that sum of them equals to 1
WARNING: Normalizing state frequencies so that sum of them equals to 1
WARNING: Normalizing state frequencies so that sum of them equals to 1
Model EHO+FU+R3 is alias for MIX{ExtEHO:0.720274356,HelEHO:0.976798797,OthEHO:0.783109376}+FU+R3
WARNING: Normalizing state frequencies so that sum of them equals to 1
WARNING: Normalizing state frequencies so that sum of them equals to 1
WARNING: Normalizing state frequencies so that sum of them equals to 1
Model EHO+FU+R4 is alias for MIX{ExtEHO:0.720274356,HelEHO:0.976798797,OthEHO:0.783109376}+FU+R4
WARNING: Normalizing state frequencies so that sum of them equals to 1
WARNING: Normalizing state frequencies so that sum of them equals to 1
WARNING: Normalizing state frequencies so that sum of them equals to 1
Model EHO+FU+R5 is alias for MIX{ExtEHO:0.720274356,HelEHO:0.976798797,OthEHO:0.783109376}+FU+R5
WARNING: Normalizing state frequencies so that sum of them equals to 1
WARNING: Normalizing state frequencies so that sum of them equals to 1
WARNING: Normalizing state frequencies so that sum of them equals to 1
Model EHO+F is alias for MIX{ExtEHO:0.720274356,HelEHO:0.976798797,OthEHO:0.783109376}+F
WARNING: Normalizing state frequencies so that sum of them equals to 1
WARNING: Normalizing state frequencies so that sum of them equals to 1
WARNING: Normalizing state frequencies so that sum of them equals to 1
Model EHO+F+G is alias for MIX{ExtEHO:0.720274356,HelEHO:0.976798797,OthEHO:0.783109376}+F+G
WARNING: Normalizing state frequencies so that sum of them equals to 1
WARNING: Normalizing state frequencies so that sum of them equals to 1
WARNING: Normalizing state frequencies so that sum of them equals to 1
Model EHO+F+R2 is alias for MIX{ExtEHO:0.720274356,HelEHO:0.976798797,OthEHO:0.783109376}+F+R2
WARNING: Normalizing state frequencies so that sum of them equals to 1
WARNING: Normalizing state frequencies so that sum of them equals to 1
WARNING: Normalizing state frequencies so that sum of them equals to 1
Model EHO+F+R3 is alias for MIX{ExtEHO:0.720274356,HelEHO:0.976798797,OthEHO:0.783109376}+F+R3
WARNING: Normalizing state frequencies so that sum of them equals to 1
WARNING: Normalizing state frequencies so that sum of them equals to 1
WARNING: Normalizing state frequencies so that sum of them equals to 1
Model EHO+F+R4 is alias for MIX{ExtEHO:0.720274356,HelEHO:0.976798797,OthEHO:0.783109376}+F+R4
WARNING: Normalizing state frequencies so that sum of them equals to 1
WARNING: Normalizing state frequencies so that sum of them equals to 1
WARNING: Normalizing state frequencies so that sum of them equals to 1
Model EHO+F+R5 is alias for MIX{ExtEHO:0.720274356,HelEHO:0.976798797,OthEHO:0.783109376}+F+R5
WARNING: Normalizing state frequencies so that sum of them equals to 1
WARNING: Normalizing state frequencies so that sum of them equals to 1
WARNING: Normalizing state frequencies so that sum of them equals to 1
Model EX_EHO+FU is alias for MIX{BUR_EXT:0.761816796788931,BUR_HEL:0.744425646802117,BUR_OTH:0.532457759429489,EXP_EXT:1.5639387472863,EXP_HEL:2.06403411829438,EXP_OTH:1.43336795177594}+FU
WARNING: Normalizing state frequencies so that sum of them equals to 1
WARNING: Normalizing state frequencies so that sum of them equals to 1
WARNING: Normalizing state frequencies so that sum of them equals to 1
Model EX_EHO+FU+G is alias for MIX{BUR_EXT:0.761816796788931,BUR_HEL:0.744425646802117,BUR_OTH:0.532457759429489,EXP_EXT:1.5639387472863,EXP_HEL:2.06403411829438,EXP_OTH:1.43336795177594}+FU+G
WARNING: Normalizing state frequencies so that sum of them equals to 1
WARNING: Normalizing state frequencies so that sum of them equals to 1
WARNING: Normalizing state frequencies so that sum of them equals to 1
Model EX_EHO+FU+R2 is alias for MIX{BUR_EXT:0.761816796788931,BUR_HEL:0.744425646802117,BUR_OTH:0.532457759429489,EXP_EXT:1.5639387472863,EXP_HEL:2.06403411829438,EXP_OTH:1.43336795177594}+FU+R2
WARNING: Normalizing state frequencies so that sum of them equals to 1
WARNING: Normalizing state frequencies so that sum of them equals to 1
WARNING: Normalizing state frequencies so that sum of them equals to 1
Model EX_EHO+FU+R3 is alias for MIX{BUR_EXT:0.761816796788931,BUR_HEL:0.744425646802117,BUR_OTH:0.532457759429489,EXP_EXT:1.5639387472863,EXP_HEL:2.06403411829438,EXP_OTH:1.43336795177594}+FU+R3
WARNING: Normalizing state frequencies so that sum of them equals to 1
WARNING: Normalizing state frequencies so that sum of them equals to 1
WARNING: Normalizing state frequencies so that sum of them equals to 1
Model EX_EHO+FU+R4 is alias for MIX{BUR_EXT:0.761816796788931,BUR_HEL:0.744425646802117,BUR_OTH:0.532457759429489,EXP_EXT:1.5639387472863,EXP_HEL:2.06403411829438,EXP_OTH:1.43336795177594}+FU+R4
WARNING: Normalizing state frequencies so that sum of them equals to 1
WARNING: Normalizing state frequencies so that sum of them equals to 1
WARNING: Normalizing state frequencies so that sum of them equals to 1
Model EX_EHO+FU+R5 is alias for MIX{BUR_EXT:0.761816796788931,BUR_HEL:0.744425646802117,BUR_OTH:0.532457759429489,EXP_EXT:1.5639387472863,EXP_HEL:2.06403411829438,EXP_OTH:1.43336795177594}+FU+R5
WARNING: Normalizing state frequencies so that sum of them equals to 1
WARNING: Normalizing state frequencies so that sum of them equals to 1
WARNING: Normalizing state frequencies so that sum of them equals to 1
Model EX_EHO+F is alias for MIX{BUR_EXT:0.761816796788931,BUR_HEL:0.744425646802117,BUR_OTH:0.532457759429489,EXP_EXT:1.5639387472863,EXP_HEL:2.06403411829438,EXP_OTH:1.43336795177594}+F
WARNING: Normalizing state frequencies so that sum of them equals to 1
WARNING: Normalizing state frequencies so that sum of them equals to 1
WARNING: Normalizing state frequencies so that sum of them equals to 1
Model EX_EHO+F+G is alias for MIX{BUR_EXT:0.761816796788931,BUR_HEL:0.744425646802117,BUR_OTH:0.532457759429489,EXP_EXT:1.5639387472863,EXP_HEL:2.06403411829438,EXP_OTH:1.43336795177594}+F+G
WARNING: Normalizing state frequencies so that sum of them equals to 1
WARNING: Normalizing state frequencies so that sum of them equals to 1
WARNING: Normalizing state frequencies so that sum of them equals to 1
Model EX_EHO+F+R2 is alias for MIX{BUR_EXT:0.761816796788931,BUR_HEL:0.744425646802117,BUR_OTH:0.532457759429489,EXP_EXT:1.5639387472863,EXP_HEL:2.06403411829438,EXP_OTH:1.43336795177594}+F+R2
WARNING: Normalizing state frequencies so that sum of them equals to 1
WARNING: Normalizing state frequencies so that sum of them equals to 1
WARNING: Normalizing state frequencies so that sum of them equals to 1
Model EX_EHO+F+R3 is alias for MIX{BUR_EXT:0.761816796788931,BUR_HEL:0.744425646802117,BUR_OTH:0.532457759429489,EXP_EXT:1.5639387472863,EXP_HEL:2.06403411829438,EXP_OTH:1.43336795177594}+F+R3
WARNING: Normalizing state frequencies so that sum of them equals to 1
WARNING: Normalizing state frequencies so that sum of them equals to 1
WARNING: Normalizing state frequencies so that sum of them equals to 1
Model EX_EHO+F+R4 is alias for MIX{BUR_EXT:0.761816796788931,BUR_HEL:0.744425646802117,BUR_OTH:0.532457759429489,EXP_EXT:1.5639387472863,EXP_HEL:2.06403411829438,EXP_OTH:1.43336795177594}+F+R4
WARNING: Normalizing state frequencies so that sum of them equals to 1
WARNING: Normalizing state frequencies so that sum of them equals to 1
WARNING: Normalizing state frequencies so that sum of them equals to 1
WARNING: Normalizing state frequencies so that sum of them equals to 1
   4 EX_EHO+FU+G  51414.841   part1
WARNING: Normalizing state frequencies so that sum of them equals to 1
WARNING: Normalizing state frequencies so that sum of them equals to 1
WARNING: Normalizing state frequencies so that sum of them equals to 1
WARNING: Normalizing state frequencies so that sum of them equals to 1
WARNING: Normalizing state frequencies so that sum of them equals to 1
WARNING: Normalizing state frequencies so that sum of them equals to 1
WARNING: Normalizing state frequencies so that sum of them equals to 1
WARNING: Normalizing state frequencies so that sum of them equals to 1
WARNING: Normalizing state frequencies so that sum of them equals to 1
WARNING: Normalizing state frequencies so that sum of them equals to 1
